// Jest Snapshot v1, https://goo.gl/fbAQLP

exports[`Testing rendering of the mission page  1`] = `
<div>
  <section
    class="content-section"
  >
    <header>
      <h2
        class="list-title"
      >
        Fish Species
      </h2>
    </header>
    <div
      class="list-container"
    />
  </section>
</div>
`;
